---
http_interactions:
- request:
    method: post
    uri: http://sample.engine.dev:3000/locomotive/api/tokens.json?auth_token=ptok1uWssqDQDCRaRn99
    body:
      encoding: US-ASCII
      string: email=admin%40locomotivecms.com&password=locomotive
    headers: {}
  response:
    status:
      code: 200
      message: ! 'OK '
    headers:
      Location:
      - http://sample.engine.dev:3000/locomotive/
      Content-Type:
      - application/json; charset=utf-8
      X-Ua-Compatible:
      - IE=Edge
      Etag:
      - ! '"afa53a7fa7513474142441a448f99b47"'
      Cache-Control:
      - max-age=0, private, must-revalidate
      X-Request-Id:
      - 854c78b5a21c78f0dc94e2b262a72c3a
      X-Runtime:
      - '0.014911'
      Server:
      - WEBrick/1.3.1 (Ruby/1.9.3/2013-02-22)
      Date:
      - Thu, 16 May 2013 09:20:11 GMT
      Content-Length:
      - '32'
      Connection:
      - Keep-Alive
      Set-Cookie:
      - _dummy_session=BAh7CEkiD3Nlc3Npb25faWQGOgZFRkkiJWY4Njg3M2MxMDA1NDVkMDZkNDQyYjdiYmY4NGRkMTVjBjsAVEkiJ3dhcmRlbi51c2VyLmxvY29tb3RpdmVfYWNjb3VudC5rZXkGOwBUWwdbBlU6Gk1vcGVkOjpCU09OOjpPYmplY3RJZCIRUZN5jx5mz3zZAAABSSIZZ3pTUnQ0eVhMbnVRdmgzTDdaTVIGOwBUSSIKZmxhc2gGOwBGbzolQWN0aW9uRGlzcGF0Y2g6OkZsYXNoOjpGbGFzaEhhc2gJOgpAdXNlZG86CFNldAY6CkBoYXNoewA6DEBjbG9zZWRGOg1AZmxhc2hlc3sGOgtub3RpY2VJQzoeQWN0aXZlU3VwcG9ydDo6U2FmZUJ1ZmZlciIjSGFzaCB3YXMgc3VjY2Vzc2Z1bGx5IGNyZWF0ZWQuBzsAVDoPQGh0bWxfc2FmZVQ6CUBub3cw--7fd9d40bede114b19d0d6b9c84620f657cf8abaf;
        domain=.engine.dev; path=/; HttpOnly
    body:
      encoding: US-ASCII
      string: ! '{"token":"ptok1uWssqDQDCRaRn99"}'
    http_version: 
  recorded_at: Thu, 16 May 2013 09:20:11 GMT
- request:
    method: get
    uri: http://sample.engine.dev:3000/locomotive/api/current_site.json?auth_token=ptok1uWssqDQDCRaRn99
    body:
      encoding: US-ASCII
      string: ''
    headers: {}
  response:
    status:
      code: 200
      message: ! 'OK '
    headers:
      Content-Type:
      - application/json; charset=utf-8
      X-Ua-Compatible:
      - IE=Edge
      Etag:
      - ! '"b6ed3bb344c01a233dea353e2621fa3c"'
      Cache-Control:
      - max-age=0, private, must-revalidate
      X-Request-Id:
      - 4a25966e9dd02d268d86446425203757
      X-Runtime:
      - '0.012945'
      Server:
      - WEBrick/1.3.1 (Ruby/1.9.3/2013-02-22)
      Date:
      - Thu, 16 May 2013 09:20:11 GMT
      Content-Length:
      - '719'
      Connection:
      - Keep-Alive
      Set-Cookie:
      - _dummy_session=BAh7B0kiD3Nlc3Npb25faWQGOgZFRkkiJTI5NzNlYTQ5ZjQyZDAwOWQ3ZThmMTFmMjU0OGNlNWY1BjsAVEkiJ3dhcmRlbi51c2VyLmxvY29tb3RpdmVfYWNjb3VudC5rZXkGOwBUWwdbBlU6Gk1vcGVkOjpCU09OOjpPYmplY3RJZCIRUZN5jx5mz3zZAAABSSIZZ3pTUnQ0eVhMbnVRdmgzTDdaTVIGOwBU--ed0d224b35df6a7893f128c154e8f04287eab6a4;
        domain=.engine.dev; path=/; HttpOnly
    body:
      encoding: US-ASCII
      string: ! '{"id":"5194a4b71e66cf781c000433","_id":"5194a4b71e66cf781c000433","created_at":"2013-05-16T09:19:51Z","updated_at":"2013-05-16T09:19:51Z","name":"Sample
        website","locales":["en","fr","nb"],"subdomain":"sample","domains":["sample.example.com","sample.engine.dev"],"domains_without_subdomain":["sample.example.com"],"domain_name":"engine.dev","memberships":[{"id":"5194a4b71e66cf781c000434","_id":"5194a4b71e66cf781c000434","role":"admin","role_name":"Administrator","can_update":false,"grant_admin":true,"account_id":"5193798f1e66cf7cd9000001","name":"Admin","email":"admin@locomotivecms.com"}],"seo_title":"A
        simple LocomotiveCMS website","meta_keywords":"some meta keywords","meta_description":"some
        meta description"}'
    http_version: 
  recorded_at: Thu, 16 May 2013 09:20:11 GMT
- request:
    method: get
    uri: http://sample.engine.dev:3000/locomotive/api/current_site.json?auth_token=ptok1uWssqDQDCRaRn99&locale=fr
    body:
      encoding: US-ASCII
      string: ''
    headers: {}
  response:
    status:
      code: 200
      message: ! 'OK '
    headers:
      Content-Type:
      - application/json; charset=utf-8
      X-Ua-Compatible:
      - IE=Edge
      Etag:
      - ! '"6cb1cf44a1940e79711ba3b57012ed2f"'
      Cache-Control:
      - max-age=0, private, must-revalidate
      X-Request-Id:
      - 5a46424d2bbc94e1181882259d94534a
      X-Runtime:
      - '0.012848'
      Server:
      - WEBrick/1.3.1 (Ruby/1.9.3/2013-02-22)
      Date:
      - Thu, 16 May 2013 09:20:11 GMT
      Content-Length:
      - '722'
      Connection:
      - Keep-Alive
      Set-Cookie:
      - _dummy_session=BAh7B0kiD3Nlc3Npb25faWQGOgZFRkkiJTJiYWEwOGJjMmEwM2Y5Zjk4NTE3Y2E0MjRjNGQ3NzQ5BjsAVEkiJ3dhcmRlbi51c2VyLmxvY29tb3RpdmVfYWNjb3VudC5rZXkGOwBUWwdbBlU6Gk1vcGVkOjpCU09OOjpPYmplY3RJZCIRUZN5jx5mz3zZAAABSSIZZ3pTUnQ0eVhMbnVRdmgzTDdaTVIGOwBU--e4b34de857e30de3791ff3a56c6bcf0297c77d9f;
        domain=.engine.dev; path=/; HttpOnly
    body:
      encoding: US-ASCII
      string: ! '{"id":"5194a4b71e66cf781c000433","_id":"5194a4b71e66cf781c000433","created_at":"2013-05-16T09:19:51Z","updated_at":"2013-05-16T09:19:51Z","name":"Sample
        website","locales":["en","fr","nb"],"subdomain":"sample","domains":["sample.example.com","sample.engine.dev"],"domains_without_subdomain":["sample.example.com"],"domain_name":"engine.dev","memberships":[{"id":"5194a4b71e66cf781c000434","_id":"5194a4b71e66cf781c000434","role":"admin","role_name":"Administrateur","can_update":false,"grant_admin":true,"account_id":"5193798f1e66cf7cd9000001","name":"Admin","email":"admin@locomotivecms.com"}],"seo_title":"Un
        simple LocomotiveCMS site web","meta_keywords":"quelques mots cles","meta_description":"some
        meta description"}'
    http_version: 
  recorded_at: Thu, 16 May 2013 09:20:11 GMT
- request:
    method: get
    uri: http://sample.engine.dev:3000/locomotive/api/current_site.json?auth_token=ptok1uWssqDQDCRaRn99&locale=nb
    body:
      encoding: US-ASCII
      string: ''
    headers: {}
  response:
    status:
      code: 200
      message: ! 'OK '
    headers:
      Content-Type:
      - application/json; charset=utf-8
      X-Ua-Compatible:
      - IE=Edge
      Etag:
      - ! '"b6ed3bb344c01a233dea353e2621fa3c"'
      Cache-Control:
      - max-age=0, private, must-revalidate
      X-Request-Id:
      - 50aafa765a07cf0cd7ffafa9d3df25e8
      X-Runtime:
      - '0.012824'
      Server:
      - WEBrick/1.3.1 (Ruby/1.9.3/2013-02-22)
      Date:
      - Thu, 16 May 2013 09:20:11 GMT
      Content-Length:
      - '719'
      Connection:
      - Keep-Alive
      Set-Cookie:
      - _dummy_session=BAh7B0kiD3Nlc3Npb25faWQGOgZFRkkiJTFjYmYyOTkwNjA4ZDE0NmI3OGM4ZmRkY2IxYzMzZDNiBjsAVEkiJ3dhcmRlbi51c2VyLmxvY29tb3RpdmVfYWNjb3VudC5rZXkGOwBUWwdbBlU6Gk1vcGVkOjpCU09OOjpPYmplY3RJZCIRUZN5jx5mz3zZAAABSSIZZ3pTUnQ0eVhMbnVRdmgzTDdaTVIGOwBU--67718f2cc73ac8f5a22320aa369f3c028f1fe6a1;
        domain=.engine.dev; path=/; HttpOnly
    body:
      encoding: US-ASCII
      string: ! '{"id":"5194a4b71e66cf781c000433","_id":"5194a4b71e66cf781c000433","created_at":"2013-05-16T09:19:51Z","updated_at":"2013-05-16T09:19:51Z","name":"Sample
        website","locales":["en","fr","nb"],"subdomain":"sample","domains":["sample.example.com","sample.engine.dev"],"domains_without_subdomain":["sample.example.com"],"domain_name":"engine.dev","memberships":[{"id":"5194a4b71e66cf781c000434","_id":"5194a4b71e66cf781c000434","role":"admin","role_name":"Administrator","can_update":false,"grant_admin":true,"account_id":"5193798f1e66cf7cd9000001","name":"Admin","email":"admin@locomotivecms.com"}],"seo_title":"A
        simple LocomotiveCMS website","meta_keywords":"some meta keywords","meta_description":"some
        meta description"}'
    http_version: 
  recorded_at: Thu, 16 May 2013 09:20:11 GMT
- request:
    method: get
    uri: http://sample.engine.dev:3000/locomotive/api/theme_assets.json?auth_token=ptok1uWssqDQDCRaRn99
    body:
      encoding: US-ASCII
      string: ''
    headers: {}
  response:
    status:
      code: 200
      message: ! 'OK '
    headers:
      Content-Type:
      - application/json; charset=utf-8
      X-Ua-Compatible:
      - IE=Edge
      Etag:
      - ! '"e03e895cbd34de46476e5e834d1dbbed"'
      Cache-Control:
      - max-age=0, private, must-revalidate
      X-Request-Id:
      - 9ff3ea1d6c483ffda07a0a0cdd3da2da
      X-Runtime:
      - '0.030543'
      Server:
      - WEBrick/1.3.1 (Ruby/1.9.3/2013-02-22)
      Date:
      - Thu, 16 May 2013 09:20:11 GMT
      Content-Length:
      - '6153'
      Connection:
      - Keep-Alive
      Set-Cookie:
      - _dummy_session=BAh7B0kiD3Nlc3Npb25faWQGOgZFRkkiJTg3MTRhNjQ2MDJiODk3ZjFmMmYwNmM5OWFjNDRhMjA1BjsAVEkiJ3dhcmRlbi51c2VyLmxvY29tb3RpdmVfYWNjb3VudC5rZXkGOwBUWwdbBlU6Gk1vcGVkOjpCU09OOjpPYmplY3RJZCIRUZN5jx5mz3zZAAABSSIZZ3pTUnQ0eVhMbnVRdmgzTDdaTVIGOwBU--22440e55e59ea0e3f0091b7e00a6652888fe055a;
        domain=.engine.dev; path=/; HttpOnly
    body:
      encoding: US-ASCII
      string: ! '[{"id":"5194a4bc1e66cf33a100049e","_id":"5194a4bc1e66cf33a100049e","created_at":"2013-05-16T09:19:56Z","updated_at":"16
        May 09:19","content_type":"font","folder":"fonts","checksum":"6080441fde50c4839c23c79b937f0194","local_path":"chunkfive-webfont.eot","url":"/sites/5194a4b71e66cf781c000433/theme/fonts/chunkfive-webfont.eot","size":"37.5
        KB","raw_size":38434,"can_be_deleted":true},{"id":"5194a4bc1e66cf287200049f","_id":"5194a4bc1e66cf287200049f","created_at":"2013-05-16T09:19:56Z","updated_at":"16
        May 09:19","content_type":"font","folder":"fonts","checksum":"57d0f66913a8c0e172ae3fe78ce36e43","local_path":"chunkfive-webfont.svg","url":"/sites/5194a4b71e66cf781c000433/theme/fonts/chunkfive-webfont.svg","size":"49.4
        KB","raw_size":50602,"can_be_deleted":true},{"id":"5194a4bc1e66cfeb5d0004a0","_id":"5194a4bc1e66cfeb5d0004a0","created_at":"2013-05-16T09:19:56Z","updated_at":"16
        May 09:19","content_type":"font","folder":"fonts","checksum":"439633444f9d32a30a4449da967853d2","local_path":"chunkfive-webfont.ttf","url":"/sites/5194a4b71e66cf781c000433/theme/fonts/chunkfive-webfont.ttf","size":"37.3
        KB","raw_size":38156,"can_be_deleted":true},{"id":"5194a4bc1e66cf71010004a1","_id":"5194a4bc1e66cf71010004a1","created_at":"2013-05-16T09:19:56Z","updated_at":"16
        May 09:19","content_type":"font","folder":"fonts","checksum":"8174fa67890a6af9c0b05432d21afdbd","local_path":"chunkfive-webfont.woff","url":"/sites/5194a4b71e66cf781c000433/theme/fonts/chunkfive-webfont.woff","size":"21.9
        KB","raw_size":22384,"can_be_deleted":true},{"id":"5194a4bc1e66cfe12e0004a2","_id":"5194a4bc1e66cfe12e0004a2","created_at":"2013-05-16T09:19:56Z","updated_at":"16
        May 09:19","content_type":"image","folder":"images","checksum":"3f6a15f2ce89235092ae25b125084dd7","local_path":"top.jpg","url":"/sites/5194a4b71e66cf781c000433/theme/images/top.jpg","size":"12.4
        KB","raw_size":12697,"dimensions":"1200px x 180px","can_be_deleted":true},{"id":"5194a4bc1e66cf73740004a3","_id":"5194a4bc1e66cf73740004a3","created_at":"2013-05-16T09:19:56Z","updated_at":"16
        May 09:19","content_type":"font","folder":"fonts","checksum":"473f634053172a656b38f4d791d294c8","local_path":"chunkfive.otf","url":"/sites/5194a4b71e66cf781c000433/theme/fonts/chunkfive.otf","size":"10.7
        KB","raw_size":10916,"can_be_deleted":true},{"id":"5194a4bc1e66cffcc80004a4","_id":"5194a4bc1e66cffcc80004a4","created_at":"2013-05-16T09:19:56Z","updated_at":"16
        May 09:19","content_type":"image","folder":"images","checksum":"edb293028f9c07f2d692d066cd8a458a","local_path":"nav_on.png","url":"/sites/5194a4b71e66cf781c000433/theme/images/nav_on.png","size":"115
        Bytes","raw_size":115,"dimensions":"1px x 40px","can_be_deleted":true},{"id":"5194a4bc1e66cf9e380004a5","_id":"5194a4bc1e66cf9e380004a5","created_at":"2013-05-16T09:19:57Z","updated_at":"16
        May 09:19","content_type":"image","folder":"images","checksum":"93c2911287a5754bed65a028c6aa4a7c","local_path":"photo_frame.png","url":"/sites/5194a4b71e66cf781c000433/theme/images/photo_frame.png","size":"7.6
        KB","raw_size":7780,"dimensions":"668px x 462px","can_be_deleted":true},{"id":"5194a4bd1e66cfe70a0004a6","_id":"5194a4bd1e66cfe70a0004a6","created_at":"2013-05-16T09:19:57Z","updated_at":"16
        May 09:19","content_type":"image","folder":"images","checksum":"89e0275185e661639fb14130410843b6","local_path":"sep.png","url":"/sites/5194a4b71e66cf781c000433/theme/images/sep.png","size":"1.18
        KB","raw_size":1213,"dimensions":"950px x 1px","can_be_deleted":true},{"id":"5194a4bd1e66cf15bf0004a7","_id":"5194a4bd1e66cf15bf0004a7","created_at":"2013-05-16T09:19:57Z","updated_at":"16
        May 09:19","content_type":"stylesheet","folder":"fonts","checksum":"e03a1f1500a5bf09970764776bb4a534","local_path":"chunkfive.css","url":"/sites/5194a4b71e66cf781c000433/theme/fonts/chunkfive.css","size":"307
        Bytes","raw_size":307,"can_be_deleted":true},{"id":"5194a4bd1e66cf9d4e0004a8","_id":"5194a4bd1e66cf9d4e0004a8","created_at":"2013-05-16T09:19:57Z","updated_at":"16
        May 09:19","content_type":"javascript","folder":"javascripts","checksum":"c9c70afc24b19736b0969182f2d04dd3","local_path":"application.js","url":"/sites/5194a4b71e66cf781c000433/theme/javascripts/application.js","size":"102
        Bytes","raw_size":102,"can_be_deleted":true},{"id":"5194a4bd1e66cf80240004a9","_id":"5194a4bd1e66cf80240004a9","created_at":"2013-05-16T09:19:57Z","updated_at":"16
        May 09:19","content_type":"javascript","folder":"javascripts","checksum":"a3dd9f80d4e861ef29613b9f456175e5","local_path":"common.js","url":"/sites/5194a4b71e66cf781c000433/theme/javascripts/common.js","size":"26
        Bytes","raw_size":26,"can_be_deleted":true},{"id":"5194a4bd1e66cf2a3a0004aa","_id":"5194a4bd1e66cf2a3a0004aa","created_at":"2013-05-16T09:19:57Z","updated_at":"16
        May 09:19","content_type":"stylesheet","folder":"stylesheets","checksum":"fc0e3809bf16e42f621da3e5b12ec6b5","local_path":"application.css","url":"/sites/5194a4b71e66cf781c000433/theme/stylesheets/application.css","size":"2.98
        KB","raw_size":3051,"can_be_deleted":true},{"id":"5194a4bd1e66cfefcc0004ab","_id":"5194a4bd1e66cfefcc0004ab","created_at":"2013-05-16T09:19:57Z","updated_at":"16
        May 09:19","content_type":"stylesheet","folder":"stylesheets/other","checksum":"b83abab1da45e00a1f78c4262de701ad","local_path":"other/extra.css","url":"/sites/5194a4b71e66cf781c000433/theme/stylesheets/other/extra.css","size":"55
        Bytes","raw_size":55,"can_be_deleted":true},{"id":"5194a4bd1e66cf8c2e0004ac","_id":"5194a4bd1e66cf8c2e0004ac","created_at":"2013-05-16T09:19:57Z","updated_at":"16
        May 09:19","content_type":"stylesheet","folder":"stylesheets/other","checksum":"697d56bad8bf84b884839b30964c6c15","local_path":"other/style.css","url":"/sites/5194a4b71e66cf781c000433/theme/stylesheets/other/style.css","size":"1.64
        KB","raw_size":1678,"can_be_deleted":true},{"id":"5194a4bd1e66cf12be0004ad","_id":"5194a4bd1e66cf12be0004ad","created_at":"2013-05-16T09:19:57Z","updated_at":"16
        May 09:19","content_type":"stylesheet","folder":"stylesheets","checksum":"a06cbb6b13b9bd65e1e7277db18872ed","local_path":"reboot.css","url":"/sites/5194a4b71e66cf781c000433/theme/stylesheets/reboot.css","size":"2.49
        KB","raw_size":2547,"can_be_deleted":true}]'
    http_version: 
  recorded_at: Thu, 16 May 2013 09:20:12 GMT
recorded_with: VCR 2.4.0
