---
http_interactions:
- request:
    method: post
    uri: http://sample.example.com:3000/locomotive/api/tokens.json?auth_token=sdgp9LsjJPGxDSpi6RAs
    body:
      encoding: UTF-8
      string: email=admin%40locomotivecms.com&password=locomotive
    headers: {}
  response:
    status:
      code: 200
      message: OK
    headers:
      Date:
      - Tue, 29 Apr 2014 14:11:23 GMT
      Status:
      - 200 OK
      Connection:
      - close
      Location:
      - http://sample.example.com:3000/locomotive/
      Content-Type:
      - application/json; charset=utf-8
      X-Ua-Compatible:
      - IE=Edge
      Etag:
      - '"4ea3c712738ee050c48cfde081be4948"'
      Cache-Control:
      - max-age=0, private, must-revalidate
      Set-Cookie:
      - _locomotive_session=zEwkFE3xGM-Imm1FRyPclfS1xLk; domain=.example.com; path=/;
        HttpOnly
      X-Request-Id:
      - 72a96fef0c2ceb21eff6dd777af1cc09
      X-Runtime:
      - '0.027314'
    body:
      encoding: UTF-8
      string: '{"token":"sdgp9LsjJPGxDSpi6RAs"}'
    http_version: 
  recorded_at: Tue, 29 Apr 2014 14:11:23 GMT
- request:
    method: get
    uri: http://sample.example.com:3000/locomotive/api/current_site.json?auth_token=sdgp9LsjJPGxDSpi6RAs
    body:
      encoding: US-ASCII
      string: ''
    headers: {}
  response:
    status:
      code: 200
      message: OK
    headers:
      Date:
      - Tue, 29 Apr 2014 14:11:23 GMT
      Status:
      - 200 OK
      Connection:
      - close
      Content-Type:
      - application/json; charset=utf-8
      X-Ua-Compatible:
      - IE=Edge
      Etag:
      - '"61b42379018bf165f74e0c07ec460876"'
      Cache-Control:
      - max-age=0, private, must-revalidate
      Set-Cookie:
      - _locomotive_session=LVznQCnxiyFoEKaESShFZALzuL8; domain=.example.com; path=/;
        HttpOnly
      X-Request-Id:
      - a8822ba8a97e4c292de2e9b4e58dab96
      X-Runtime:
      - '0.029657'
    body:
      encoding: UTF-8
      string: '{"id":"535fb303247580fcb400007d","_id":"535fb303247580fcb400007d","created_at":"2014-04-29T16:11:15+02:00","updated_at":"2014-04-29T16:11:15+02:00","name":"Sample
        website","locales":["en","fr","nb"],"timezone":"Paris","subdomain":"sample","domains":["sample.example.com"],"domains_without_subdomain":[],"domain_name":"example.com","memberships":[{"id":"535fb303247580fcb400007e","_id":"535fb303247580fcb400007e","role":"admin","role_name":"Administrator","can_update":false,"grant_admin":true,"account_id":"535fb2af247580694d000001","name":"Admin","email":"admin@locomotivecms.com"}],"seo_title":"A
        simple LocomotiveCMS website","meta_keywords":"some meta keywords","meta_description":"some
        meta description"}'
    http_version: 
  recorded_at: Tue, 29 Apr 2014 14:11:23 GMT
- request:
    method: get
    uri: http://sample.example.com:3000/locomotive/api/current_site.json?auth_token=sdgp9LsjJPGxDSpi6RAs&locale=fr
    body:
      encoding: US-ASCII
      string: ''
    headers: {}
  response:
    status:
      code: 200
      message: OK
    headers:
      Date:
      - Tue, 29 Apr 2014 14:11:23 GMT
      Status:
      - 200 OK
      Connection:
      - close
      Content-Type:
      - application/json; charset=utf-8
      X-Ua-Compatible:
      - IE=Edge
      Etag:
      - '"cc9fa50145a42ab2b07df42cf9d27db0"'
      Cache-Control:
      - max-age=0, private, must-revalidate
      Set-Cookie:
      - _locomotive_session=URUxEC26UEx-LMoOgAsz3miwfS4; domain=.example.com; path=/;
        HttpOnly
      X-Request-Id:
      - 708801813959995019ba96b3e27d52f2
      X-Runtime:
      - '0.029663'
    body:
      encoding: UTF-8
      string: '{"id":"535fb303247580fcb400007d","_id":"535fb303247580fcb400007d","created_at":"2014-04-29T16:11:15+02:00","updated_at":"2014-04-29T16:11:15+02:00","name":"Sample
        website","locales":["en","fr","nb"],"timezone":"Paris","subdomain":"sample","domains":["sample.example.com"],"domains_without_subdomain":[],"domain_name":"example.com","memberships":[{"id":"535fb303247580fcb400007e","_id":"535fb303247580fcb400007e","role":"admin","role_name":"Administrateur","can_update":false,"grant_admin":true,"account_id":"535fb2af247580694d000001","name":"Admin","email":"admin@locomotivecms.com"}],"seo_title":"Un
        simple LocomotiveCMS site web","meta_keywords":"quelques mots cles","meta_description":"some
        meta description"}'
    http_version: 
  recorded_at: Tue, 29 Apr 2014 14:11:23 GMT
- request:
    method: get
    uri: http://sample.example.com:3000/locomotive/api/current_site.json?auth_token=sdgp9LsjJPGxDSpi6RAs&locale=nb
    body:
      encoding: US-ASCII
      string: ''
    headers: {}
  response:
    status:
      code: 200
      message: OK
    headers:
      Date:
      - Tue, 29 Apr 2014 14:11:23 GMT
      Status:
      - 200 OK
      Connection:
      - close
      Content-Type:
      - application/json; charset=utf-8
      X-Ua-Compatible:
      - IE=Edge
      Etag:
      - '"61b42379018bf165f74e0c07ec460876"'
      Cache-Control:
      - max-age=0, private, must-revalidate
      Set-Cookie:
      - _locomotive_session=68vPMAkZif8O-b57St4k_JdiAik; domain=.example.com; path=/;
        HttpOnly
      X-Request-Id:
      - 3f8d7e82e6a20e68717d750230b3a766
      X-Runtime:
      - '0.027093'
    body:
      encoding: UTF-8
      string: '{"id":"535fb303247580fcb400007d","_id":"535fb303247580fcb400007d","created_at":"2014-04-29T16:11:15+02:00","updated_at":"2014-04-29T16:11:15+02:00","name":"Sample
        website","locales":["en","fr","nb"],"timezone":"Paris","subdomain":"sample","domains":["sample.example.com"],"domains_without_subdomain":[],"domain_name":"example.com","memberships":[{"id":"535fb303247580fcb400007e","_id":"535fb303247580fcb400007e","role":"admin","role_name":"Administrator","can_update":false,"grant_admin":true,"account_id":"535fb2af247580694d000001","name":"Admin","email":"admin@locomotivecms.com"}],"seo_title":"A
        simple LocomotiveCMS website","meta_keywords":"some meta keywords","meta_description":"some
        meta description"}'
    http_version: 
  recorded_at: Tue, 29 Apr 2014 14:11:23 GMT
recorded_with: VCR 2.4.0
