---
http_interactions:
- request:
    method: post
    uri: http://sample.example.com:3000/locomotive/api/tokens.json?auth_token=UG1c8xretEydzZ59A8nj
    body:
      encoding: UTF-8
      string: email=admin%40locomotivecms.com&password=locomotive
    headers: {}
  response:
    status:
      code: 200
      message: OK
    headers:
      Date:
      - Tue, 17 Sep 2013 12:38:46 GMT
      Status:
      - 200 OK
      Connection:
      - close
      Location:
      - http://sample.example.com:3000/locomotive/
      Content-Type:
      - application/json; charset=utf-8
      X-Ua-Compatible:
      - IE=Edge
      Etag:
      - '"b0fba5e3ed77326b65d205488ea9ed76"'
      Cache-Control:
      - max-age=0, private, must-revalidate
      Set-Cookie:
      - _locomotive_session=m-7RkxC0VF6IuAPmyoDwN2UYoSY; domain=.example.com; path=/;
        HttpOnly
      X-Request-Id:
      - af5432f58f9ff90731c5460eaaab3345
      X-Runtime:
      - '0.028651'
    body:
      encoding: UTF-8
      string: '{"token":"UG1c8xretEydzZ59A8nj"}'
    http_version: 
  recorded_at: Tue, 17 Sep 2013 12:38:46 GMT
- request:
    method: get
    uri: http://sample.example.com:3000/locomotive/api/current_site.json?auth_token=UG1c8xretEydzZ59A8nj
    body:
      encoding: US-ASCII
      string: ''
    headers: {}
  response:
    status:
      code: 200
      message: OK
    headers:
      Date:
      - Tue, 17 Sep 2013 12:38:46 GMT
      Status:
      - 200 OK
      Connection:
      - close
      Content-Type:
      - application/json; charset=utf-8
      X-Ua-Compatible:
      - IE=Edge
      Etag:
      - '"091aa4548c7aa23df377f5a3794357f0"'
      Cache-Control:
      - max-age=0, private, must-revalidate
      Set-Cookie:
      - _locomotive_session=xo04-bUXxTRWduIIyjf-cJvRWtc; domain=.example.com; path=/;
        HttpOnly
      X-Request-Id:
      - 5f119444316aa32bd1d0eef4da8b3916
      X-Runtime:
      - '0.028399'
    body:
      encoding: UTF-8
      string: '{"id":"52384d4487f64353e1000271","_id":"52384d4487f64353e1000271","created_at":"2013-09-17T12:38:28Z","updated_at":"2013-09-17T12:38:28Z","name":"Sample
        website","locales":["en","fr","nb"],"timezone":"Paris","subdomain":"sample","domains":["sample.example.com"],"domains_without_subdomain":[],"domain_name":"example.com","memberships":[{"id":"52384d4487f64353e1000272","_id":"52384d4487f64353e1000272","role":"admin","role_name":"Administrator","can_update":false,"grant_admin":true,"account_id":"520f9b2e87f643edcc000001","name":"Admin","email":"admin@locomotivecms.com"}],"seo_title":"A
        simple LocomotiveCMS website","meta_keywords":"some meta keywords","meta_description":"some
        meta description"}'
    http_version: 
  recorded_at: Tue, 17 Sep 2013 12:38:46 GMT
- request:
    method: get
    uri: http://sample.example.com:3000/locomotive/api/current_site.json?auth_token=UG1c8xretEydzZ59A8nj&locale=fr
    body:
      encoding: US-ASCII
      string: ''
    headers: {}
  response:
    status:
      code: 200
      message: OK
    headers:
      Date:
      - Tue, 17 Sep 2013 12:38:46 GMT
      Status:
      - 200 OK
      Connection:
      - close
      Content-Type:
      - application/json; charset=utf-8
      X-Ua-Compatible:
      - IE=Edge
      Etag:
      - '"43e99bba8afe95b049fa6ecd7052ffab"'
      Cache-Control:
      - max-age=0, private, must-revalidate
      Set-Cookie:
      - _locomotive_session=w53O-Fg1P9QC_pGWtFwr84zxJKc; domain=.example.com; path=/;
        HttpOnly
      X-Request-Id:
      - 75121347c693ad42f4d35d2a309599ba
      X-Runtime:
      - '0.028653'
    body:
      encoding: UTF-8
      string: '{"id":"52384d4487f64353e1000271","_id":"52384d4487f64353e1000271","created_at":"2013-09-17T12:38:28Z","updated_at":"2013-09-17T12:38:28Z","name":"Sample
        website","locales":["en","fr","nb"],"timezone":"Paris","subdomain":"sample","domains":["sample.example.com"],"domains_without_subdomain":[],"domain_name":"example.com","memberships":[{"id":"52384d4487f64353e1000272","_id":"52384d4487f64353e1000272","role":"admin","role_name":"Administrateur","can_update":false,"grant_admin":true,"account_id":"520f9b2e87f643edcc000001","name":"Admin","email":"admin@locomotivecms.com"}],"seo_title":"Un
        simple LocomotiveCMS site web","meta_keywords":"quelques mots cles","meta_description":"some
        meta description"}'
    http_version: 
  recorded_at: Tue, 17 Sep 2013 12:38:46 GMT
- request:
    method: get
    uri: http://sample.example.com:3000/locomotive/api/current_site.json?auth_token=UG1c8xretEydzZ59A8nj&locale=nb
    body:
      encoding: US-ASCII
      string: ''
    headers: {}
  response:
    status:
      code: 200
      message: OK
    headers:
      Date:
      - Tue, 17 Sep 2013 12:38:46 GMT
      Status:
      - 200 OK
      Connection:
      - close
      Content-Type:
      - application/json; charset=utf-8
      X-Ua-Compatible:
      - IE=Edge
      Etag:
      - '"091aa4548c7aa23df377f5a3794357f0"'
      Cache-Control:
      - max-age=0, private, must-revalidate
      Set-Cookie:
      - _locomotive_session=LuLLZeFL_pK7n1rg4b3zXaKup_k; domain=.example.com; path=/;
        HttpOnly
      X-Request-Id:
      - 67009b79d50996d5924762eb0ce8942a
      X-Runtime:
      - '0.028426'
    body:
      encoding: UTF-8
      string: '{"id":"52384d4487f64353e1000271","_id":"52384d4487f64353e1000271","created_at":"2013-09-17T12:38:28Z","updated_at":"2013-09-17T12:38:28Z","name":"Sample
        website","locales":["en","fr","nb"],"timezone":"Paris","subdomain":"sample","domains":["sample.example.com"],"domains_without_subdomain":[],"domain_name":"example.com","memberships":[{"id":"52384d4487f64353e1000272","_id":"52384d4487f64353e1000272","role":"admin","role_name":"Administrator","can_update":false,"grant_admin":true,"account_id":"520f9b2e87f643edcc000001","name":"Admin","email":"admin@locomotivecms.com"}],"seo_title":"A
        simple LocomotiveCMS website","meta_keywords":"some meta keywords","meta_description":"some
        meta description"}'
    http_version: 
  recorded_at: Tue, 17 Sep 2013 12:38:46 GMT
- request:
    method: get
    uri: http://sample.example.com:3000/locomotive/api/snippets.json?auth_token=UG1c8xretEydzZ59A8nj
    body:
      encoding: US-ASCII
      string: ''
    headers: {}
  response:
    status:
      code: 200
      message: OK
    headers:
      Date:
      - Tue, 17 Sep 2013 12:38:46 GMT
      Status:
      - 200 OK
      Connection:
      - close
      Content-Type:
      - application/json; charset=utf-8
      X-Ua-Compatible:
      - IE=Edge
      Etag:
      - '"6369cbf4f6fd7bb2c8a9bf94a83c7d39"'
      Cache-Control:
      - max-age=0, private, must-revalidate
      Set-Cookie:
      - _locomotive_session=JeGNi0GHpGJ1JQNNrvwpdopOSe0; domain=.example.com; path=/;
        HttpOnly
      X-Request-Id:
      - b1370b850a5b8e08c6ea9e0b26602ceb
      X-Runtime:
      - '0.032125'
    body:
      encoding: UTF-8
      string: '[{"id":"52384d4487f64353e1000276","_id":"52384d4487f64353e1000276","created_at":"2013-09-17T12:38:28Z","updated_at":"17
        Sep 12:38","name":"A long one","slug":"a_long_one","template":"<p>A long one
        indeed</p>\n"},{"id":"52384d4487f64353e1000277","_id":"52384d4487f64353e1000277","created_at":"2013-09-17T12:38:28Z","updated_at":"17
        Sep 12:38","name":"Header","slug":"header","template":"<h1>{{ site.name }}</h1>\n"},{"id":"52384d4487f64353e1000275","_id":"52384d4487f64353e1000275","created_at":"2013-09-17T12:38:28Z","updated_at":"17
        Sep 12:38","name":"Song","slug":"song","template":"<li>\n  <h3><a href=\"/songs/{{
        song._permalink }}\">{{ song.title }}</a></h3>\n  <div class=\"cover\">{{
        song.cover.url | image_tag }}</div>\n  <div class=\"info\">\n    {{ song.short_description
        }}\n    <p class=\"listen\">\n      <a href=\"{{ song.audio_url }}\">&rarr;
        Listen ({{ song.duration }} min)</a>\n    </p>\n    <p>\u00e9couter en Francais</p>\n  </div>\n  <div
        class=\"clear\"></div>\n</li>"}]'
    http_version: 
  recorded_at: Tue, 17 Sep 2013 12:38:46 GMT
- request:
    method: get
    uri: http://sample.example.com:3000/locomotive/api/snippets/52384d4487f64353e1000276.json?auth_token=UG1c8xretEydzZ59A8nj&locale=fr
    body:
      encoding: US-ASCII
      string: ''
    headers: {}
  response:
    status:
      code: 200
      message: OK
    headers:
      Date:
      - Tue, 17 Sep 2013 12:38:46 GMT
      Status:
      - 200 OK
      Connection:
      - close
      Content-Type:
      - application/json; charset=utf-8
      X-Ua-Compatible:
      - IE=Edge
      Etag:
      - '"6b92a6846d838f28eb56d784fa5ce202"'
      Cache-Control:
      - max-age=0, private, must-revalidate
      Set-Cookie:
      - _locomotive_session=eo4lUg328q3662PuyujJG5e9O6k; domain=.example.com; path=/;
        HttpOnly
      X-Request-Id:
      - 5f6e685103eb90c8df23b9dd093639c6
      X-Runtime:
      - '0.029452'
    body:
      encoding: UTF-8
      string: '{"id":"52384d4487f64353e1000276","_id":"52384d4487f64353e1000276","created_at":"2013-09-17T12:38:28Z","updated_at":"17
        sept. 12:38","name":"A long one","slug":"a_long_one","template":"<p>A long
        one indeed</p>\n"}'
    http_version: 
  recorded_at: Tue, 17 Sep 2013 12:38:46 GMT
- request:
    method: get
    uri: http://sample.example.com:3000/locomotive/api/snippets/52384d4487f64353e1000276.json?auth_token=UG1c8xretEydzZ59A8nj&locale=nb
    body:
      encoding: US-ASCII
      string: ''
    headers: {}
  response:
    status:
      code: 200
      message: OK
    headers:
      Date:
      - Tue, 17 Sep 2013 12:38:46 GMT
      Status:
      - 200 OK
      Connection:
      - close
      Content-Type:
      - application/json; charset=utf-8
      X-Ua-Compatible:
      - IE=Edge
      Etag:
      - '"ebd8f99fa3f8a8fc8ff18d82c9c3d5c7"'
      Cache-Control:
      - max-age=0, private, must-revalidate
      Set-Cookie:
      - _locomotive_session=-QKeeyc1DhDBGohoOwo72jwzmXE; domain=.example.com; path=/;
        HttpOnly
      X-Request-Id:
      - bedb4328ed33b90cd64a8edb4e02a200
      X-Runtime:
      - '0.030738'
    body:
      encoding: UTF-8
      string: '{"id":"52384d4487f64353e1000276","_id":"52384d4487f64353e1000276","created_at":"2013-09-17T12:38:28Z","updated_at":"17.
        september, 12:38","name":"A long one","slug":"a_long_one","template":"<p>A
        long one indeed</p>\n"}'
    http_version: 
  recorded_at: Tue, 17 Sep 2013 12:38:46 GMT
- request:
    method: get
    uri: http://sample.example.com:3000/locomotive/api/snippets/52384d4487f64353e1000277.json?auth_token=UG1c8xretEydzZ59A8nj&locale=fr
    body:
      encoding: US-ASCII
      string: ''
    headers: {}
  response:
    status:
      code: 200
      message: OK
    headers:
      Date:
      - Tue, 17 Sep 2013 12:38:46 GMT
      Status:
      - 200 OK
      Connection:
      - close
      Content-Type:
      - application/json; charset=utf-8
      X-Ua-Compatible:
      - IE=Edge
      Etag:
      - '"62f55d236b0fc192e969ae7abd2d49b2"'
      Cache-Control:
      - max-age=0, private, must-revalidate
      Set-Cookie:
      - _locomotive_session=3dPbzLyy51AhsbmIGL7uhkgzV8w; domain=.example.com; path=/;
        HttpOnly
      X-Request-Id:
      - 2fb4d60e3c499e6ccbdcc41a7f3e9b10
      X-Runtime:
      - '0.030543'
    body:
      encoding: UTF-8
      string: '{"id":"52384d4487f64353e1000277","_id":"52384d4487f64353e1000277","created_at":"2013-09-17T12:38:28Z","updated_at":"17
        sept. 12:38","name":"Header","slug":"header","template":"<h1>{{ site.name
        }}</h1>\n"}'
    http_version: 
  recorded_at: Tue, 17 Sep 2013 12:38:46 GMT
- request:
    method: get
    uri: http://sample.example.com:3000/locomotive/api/snippets/52384d4487f64353e1000277.json?auth_token=UG1c8xretEydzZ59A8nj&locale=nb
    body:
      encoding: US-ASCII
      string: ''
    headers: {}
  response:
    status:
      code: 200
      message: OK
    headers:
      Date:
      - Tue, 17 Sep 2013 12:38:46 GMT
      Status:
      - 200 OK
      Connection:
      - close
      Content-Type:
      - application/json; charset=utf-8
      X-Ua-Compatible:
      - IE=Edge
      Etag:
      - '"ceef2c5ccc373ad46b6f98ca5827fd48"'
      Cache-Control:
      - max-age=0, private, must-revalidate
      Set-Cookie:
      - _locomotive_session=2ts96yABV1-QYJbgNJMrOrSfiGc; domain=.example.com; path=/;
        HttpOnly
      X-Request-Id:
      - 41eadf386b24d00e224d195f98df4a03
      X-Runtime:
      - '0.031610'
    body:
      encoding: UTF-8
      string: '{"id":"52384d4487f64353e1000277","_id":"52384d4487f64353e1000277","created_at":"2013-09-17T12:38:28Z","updated_at":"17.
        september, 12:38","name":"Header","slug":"header","template":"<h1>{{ site.name
        }}</h1>\n"}'
    http_version: 
  recorded_at: Tue, 17 Sep 2013 12:38:46 GMT
- request:
    method: get
    uri: http://sample.example.com:3000/locomotive/api/snippets/52384d4487f64353e1000275.json?auth_token=UG1c8xretEydzZ59A8nj&locale=fr
    body:
      encoding: US-ASCII
      string: ''
    headers: {}
  response:
    status:
      code: 200
      message: OK
    headers:
      Date:
      - Tue, 17 Sep 2013 12:38:46 GMT
      Status:
      - 200 OK
      Connection:
      - close
      Content-Type:
      - application/json; charset=utf-8
      X-Ua-Compatible:
      - IE=Edge
      Etag:
      - '"d4c7ebb5d4a8d0f520f1fcf82c949a4f"'
      Cache-Control:
      - max-age=0, private, must-revalidate
      Set-Cookie:
      - _locomotive_session=Vf-FVGJ4zDYBxlrOUk9YOSMxjU8; domain=.example.com; path=/;
        HttpOnly
      X-Request-Id:
      - cf7afe7fefe9c54622d57dff6d1737af
      X-Runtime:
      - '0.031074'
    body:
      encoding: UTF-8
      string: '{"id":"52384d4487f64353e1000275","_id":"52384d4487f64353e1000275","created_at":"2013-09-17T12:38:28Z","updated_at":"17
        sept. 12:38","name":"Song","slug":"song","template":"<li>\n  <h3>{{ song.title
        }}</h3>\n  <div class=''cover''>{{ song.cover.url | image_tag }}</div>\n  <div
        class=''info''>\n    {{ song.short_description }}\n    <p class=''listen''>\n      <a
        href=''{{ song.audio_url }}''>&rarr; \u00e9couter ({{ song.duration }} min)</a>\n    </p>\n  </div>\n  <div
        class=''clear''></div>\n</li>\n"}'
    http_version: 
  recorded_at: Tue, 17 Sep 2013 12:38:46 GMT
- request:
    method: get
    uri: http://sample.example.com:3000/locomotive/api/snippets/52384d4487f64353e1000275.json?auth_token=UG1c8xretEydzZ59A8nj&locale=nb
    body:
      encoding: US-ASCII
      string: ''
    headers: {}
  response:
    status:
      code: 200
      message: OK
    headers:
      Date:
      - Tue, 17 Sep 2013 12:38:46 GMT
      Status:
      - 200 OK
      Connection:
      - close
      Content-Type:
      - application/json; charset=utf-8
      X-Ua-Compatible:
      - IE=Edge
      Etag:
      - '"ed3040fa1fd66ed13cfec14bfec8deba"'
      Cache-Control:
      - max-age=0, private, must-revalidate
      Set-Cookie:
      - _locomotive_session=yZwwxuiABZFkxk5fnALUJbI5fBA; domain=.example.com; path=/;
        HttpOnly
      X-Request-Id:
      - 99aab8079b9c1ba880d80879ae76026f
      X-Runtime:
      - '0.029941'
    body:
      encoding: UTF-8
      string: '{"id":"52384d4487f64353e1000275","_id":"52384d4487f64353e1000275","created_at":"2013-09-17T12:38:28Z","updated_at":"17.
        september, 12:38","name":"Song","slug":"song","template":"<li>\n  <h3><a href=\"/songs/{{
        song._permalink }}\">{{ song.title }}</a></h3>\n  <div class=\"cover\">{{
        song.cover.url | image_tag }}</div>\n  <div class=\"info\">\n    {{ song.short_description
        }}\n    <p class=\"listen\">\n      <a href=\"{{ song.audio_url }}\">&rarr;
        Listen ({{ song.duration }} min)</a>\n    </p>\n    <p>\u00e9couter en Francais</p>\n  </div>\n  <div
        class=\"clear\"></div>\n</li>"}'
    http_version: 
  recorded_at: Tue, 17 Sep 2013 12:38:46 GMT
recorded_with: VCR 2.4.0
